Last login: Wed Feb 22 01:17:22 on ttys000
Michelles-MBP:~ michelleryu$ git
usage: git [--version] [--help] [-C <path>] [-c name=value]
           [--exec-path[=<path>]] [--html-path] [--man-path] [--info-path]
           [-p | --paginate | --no-pager] [--no-replace-objects] [--bare]
           [--git-dir=<path>] [--work-tree=<path>] [--namespace=<name>]
           <command> [<args>]

These are common Git commands used in various situations:

start a working area (see also: git help tutorial)
   clone      Clone a repository into a new directory
   init       Create an empty Git repository or reinitialize an existing one

work on the current change (see also: git help everyday)
   add        Add file contents to the index
   mv         Move or rename a file, a directory, or a symlink
   reset      Reset current HEAD to the specified state
   rm         Remove files from the working tree and from the index

examine the history and state (see also: git help revisions)
   bisect     Use binary search to find the commit that introduced a bug
   grep       Print lines matching a pattern
   log        Show commit logs
   show       Show various types of objects
   status     Show the working tree status

grow, mark and tweak your common history
   branch     List, create, or delete branches
   checkout   Switch branches or restore working tree files
   commit     Record changes to the repository
   diff       Show changes between commits, commit and working tree, etc
   merge      Join two or more development histories together
   rebase     Reapply commits on top of another base tip
   tag        Create, list, delete or verify a tag object signed with GPG

collaborate (see also: git help workflows)
   fetch      Download objects and refs from another repository
   pull       Fetch from and integrate with another repository or a local branch
   push       Update remote refs along with associated objects

'git help -a' and 'git help -g' list available subcommands and some
concept guides. See 'git help <command>' or 'git help <concept>'
to read about a specific subcommand or concept.
Michelles-MBP:~ michelleryu$ pwd
/Users/michelleryu
Michelles-MBP:~ michelleryu$ ls
Applications	Downloads	Music		new_project
Desktop		Library		Pictures	pslog.txt
Documents	Movies		Public
Michelles-MBP:~ michelleryu$ cd Desktop
Michelles-MBP:Desktop michelleryu$ mkdir test
Michelles-MBP:Desktop michelleryu$ cd test
Michelles-MBP:test michelleryu$ touch index.html
Michelles-MBP:test michelleryu$ touch styles.css
Michelles-MBP:test michelleryu$ touch aboutMe.txt
Michelles-MBP:test michelleryu$ git init
Initialized empty Git repository in /Users/michelleryu/Desktop/test/.git/
Michelles-MBP:test michelleryu$ git add
Nothing specified, nothing added.
Maybe you wanted to say 'git add .'?
Michelles-MBP:test michelleryu$ git status
On branch master

Initial commit

Untracked files:
  (use "git add <file>..." to include in what will be committed)

	aboutMe.txt
	index.html
	styles.css

nothing added to commit but untracked files present (use "git add" to track)
Michelles-MBP:test michelleryu$ git add aboutMe.txt
Michelles-MBP:test michelleryu$ git add index.html
Michelles-MBP:test michelleryu$ git add styles.css
Michelles-MBP:test michelleryu$ git status
On branch master

Initial commit

Changes to be committed:
  (use "git rm --cached <file>..." to unstage)

	new file:   aboutMe.txt
	new file:   index.html
	new file:   styles.css

Changes not staged for commit:
  (use "git add <file>..." to update what will be committed)
  (use "git checkout -- <file>..." to discard changes in working directory)

	modified:   aboutMe.txt

Michelles-MBP:test michelleryu$ git commit -m "aboutMe.txt edited"
[master (root-commit) 6f904de] aboutMe.txt edited
 3 files changed, 3 insertions(+)
 create mode 100644 aboutMe.txt
 create mode 100644 index.html
 create mode 100644 styles.css
Michelles-MBP:test michelleryu$ git status
On branch master
Changes not staged for commit:
  (use "git add <file>..." to update what will be committed)
  (use "git checkout -- <file>..." to discard changes in working directory)

	modified:   aboutMe.txt

no changes added to commit (use "git add" and/or "git commit -a")
Michelles-MBP:test michelleryu$ git add aboutMe.txt
Michelles-MBP:test michelleryu$ git commit -m "added favorite movie to aboutMe"
[master d1fab04] added favorite movie to aboutMe
 1 file changed, 3 insertions(+)
Michelles-MBP:test michelleryu$ git log
commit d1fab04dce78fcdc350b32514d6d36186438a20c
Author: Michelle Ryu <mishryu@gmail.com>
Date:   Wed Feb 22 01:38:25 2017 -0800

    added favorite movie to aboutMe

commit 6f904de7fb1caf173fcf66b2cf6444e0a68159fd
Author: Michelle Ryu <mishryu@gmail.com>
Date:   Wed Feb 22 01:35:16 2017 -0800

    aboutMe.txt edited
Michelles-MBP:test michelleryu$ git revert -n d1fab04
Michelles-MBP:test michelleryu$ git commit -m "revert d1fab04"
[master b15927e] revert d1fab04
 1 file changed, 3 deletions(-)
Michelles-MBP:test michelleryu$ 
